// Jest Snapshot v1, https://goo.gl/fbAQLP

exports[`Preview Component Loads and displays Preview 1`] = `
<div>
  <div
    class="Preview"
  >
    <div
      class="firstLine"
    >
      <h2
        class="bp3-heading protocolName"
      >
        MVAC Intensifié 
      </h2>
      <div
        class="dayOneEquals"
      >
        J1 = J
        15
      </div>
    </div>
    <br />
    <p>
      Chimiothérapie comprenant 
      <strong />
      . réévaluée tous les 
      <strong>
        4
      </strong>
       
      cycles avec ...
    </p>
    <br />
    <div
      class="evaluations"
    >
      <h5
        class="bp3-heading"
      >
        Réévaluations : 
      </h5>
      <div
        class="evaluationBox"
      >
        <div
          class="flexLine"
        >
          <div
            class="evaluation"
          >
            4
             cycles
          </div>
          <div
            class="evaluationContent"
          >
            <strong>
              Consultation
            </strong>
            <span>
               et 
              <strong>
                Imagerie
              </strong>
            </span>
          </div>
        </div>
      </div>
      <br />
      <br />
      <h5
        class="bp3-heading"
      >
        Produits : 
      </h5>
      <div
        class="productLines"
      >
        <div
          class="productLine"
        >
          <strong>
            Vinblastine
          </strong>
          <br />
          <span
            class="delivered"
          >
            J
            1
          </span>
          <span
            class="notDelivered"
          >
            J
            2
          </span>
          <span
            class="notDelivered"
          >
            J
            3
          </span>
          <span
            class="notDelivered"
          >
            J
            4
          </span>
          <span
            class="notDelivered"
          >
            J
            5
          </span>
          <span
            class="notDelivered"
          >
            J
            6
          </span>
          <span
            class="notDelivered"
          >
            J
            7
          </span>
          <span
            class="notDelivered"
          >
            J
            8
          </span>
          <span
            class="notDelivered"
          >
            J
            9
          </span>
          <span
            class="notDelivered"
          >
            J
            10
          </span>
          <span
            class="notDelivered"
          >
            J
            11
          </span>
          <span
            class="notDelivered"
          >
            J
            12
          </span>
          <span
            class="notDelivered"
          >
            J
            13
          </span>
          <span
            class="notDelivered"
          >
            J
            14
          </span>
          <span
            class="notDelivered"
          >
            J
            15
          </span>
        </div>
        <div
          class="productLine"
        >
          <strong>
            Méthotrexate
          </strong>
          <br />
          <span
            class="delivered"
          >
            J
            1
          </span>
          <span
            class="notDelivered"
          >
            J
            2
          </span>
          <span
            class="notDelivered"
          >
            J
            3
          </span>
          <span
            class="notDelivered"
          >
            J
            4
          </span>
          <span
            class="notDelivered"
          >
            J
            5
          </span>
          <span
            class="notDelivered"
          >
            J
            6
          </span>
          <span
            class="notDelivered"
          >
            J
            7
          </span>
          <span
            class="notDelivered"
          >
            J
            8
          </span>
          <span
            class="notDelivered"
          >
            J
            9
          </span>
          <span
            class="notDelivered"
          >
            J
            10
          </span>
          <span
            class="notDelivered"
          >
            J
            11
          </span>
          <span
            class="notDelivered"
          >
            J
            12
          </span>
          <span
            class="notDelivered"
          >
            J
            13
          </span>
          <span
            class="notDelivered"
          >
            J
            14
          </span>
          <span
            class="notDelivered"
          >
            J
            15
          </span>
        </div>
        <div
          class="productLine"
        >
          <strong>
            Cisplatine
          </strong>
          <br />
          <span
            class="notDelivered"
          >
            J
            1
          </span>
          <span
            class="delivered"
          >
            J
            2
          </span>
          <span
            class="notDelivered"
          >
            J
            3
          </span>
          <span
            class="notDelivered"
          >
            J
            4
          </span>
          <span
            class="notDelivered"
          >
            J
            5
          </span>
          <span
            class="notDelivered"
          >
            J
            6
          </span>
          <span
            class="notDelivered"
          >
            J
            7
          </span>
          <span
            class="notDelivered"
          >
            J
            8
          </span>
          <span
            class="notDelivered"
          >
            J
            9
          </span>
          <span
            class="notDelivered"
          >
            J
            10
          </span>
          <span
            class="notDelivered"
          >
            J
            11
          </span>
          <span
            class="notDelivered"
          >
            J
            12
          </span>
          <span
            class="notDelivered"
          >
            J
            13
          </span>
          <span
            class="notDelivered"
          >
            J
            14
          </span>
          <span
            class="notDelivered"
          >
            J
            15
          </span>
        </div>
        <div
          class="productLine"
        >
          <strong>
            Doxorubicine
          </strong>
          <br />
          <span
            class="notDelivered"
          >
            J
            1
          </span>
          <span
            class="delivered"
          >
            J
            2
          </span>
          <span
            class="notDelivered"
          >
            J
            3
          </span>
          <span
            class="notDelivered"
          >
            J
            4
          </span>
          <span
            class="notDelivered"
          >
            J
            5
          </span>
          <span
            class="notDelivered"
          >
            J
            6
          </span>
          <span
            class="notDelivered"
          >
            J
            7
          </span>
          <span
            class="notDelivered"
          >
            J
            8
          </span>
          <span
            class="notDelivered"
          >
            J
            9
          </span>
          <span
            class="notDelivered"
          >
            J
            10
          </span>
          <span
            class="notDelivered"
          >
            J
            11
          </span>
          <span
            class="notDelivered"
          >
            J
            12
          </span>
          <span
            class="notDelivered"
          >
            J
            13
          </span>
          <span
            class="notDelivered"
          >
            J
            14
          </span>
          <span
            class="notDelivered"
          >
            J
            15
          </span>
        </div>
      </div>
    </div>
  </div>
</div>
`;
